package base

// OK

// TODO(test): Make a pizza
// FIXME(test): Thinner crust
// BUG(test): Remove pineapple
/*
TODO: Multi-line comments are ignored
*/

// Error

// This is a TODO          // want `TODO should be at the beginning of the line`
// TODO(test): Make a pizza
// TODO(test): Make a pizza
// TODO(test): Make a pizza
// TODO                    // want `TODO should include additional context: TODO\(<context>\)`
// TODO(): Make a pizza    // want `TODO context does not match regular expression: \\w+`
// TODO: Make a pizza      // want `TODO should include additional context: TODO\(<context>\)`
// TODO(test):             // want `TODO should describe what needs to change`
